[html.waituk.com/roxine/intro04b9.html]
[backblue.gif]
[fade.gif]
[index.html]
[html.waituk.com/roxine/css/fonts/icomoon/icomoon.css]
[html.waituk.com/roxine/vendors/font-awesome/css/font-awesome.css]
[html.waituk.com/roxine/vendors/owl-carousel/dist/assets/owl.carousel.min.css]
[html.waituk.com/roxine/vendors/owl-carousel/dist/assets/owl.theme.default.min.css]
[html.waituk.com/roxine/vendors/animate/animate.css]
[html.waituk.com/roxine/vendors/rateyo/jquery.rateyo.css]
[html.waituk.com/roxine/vendors/bootstrap-datepicker/css/bootstrap-datepicker.css]
[html.waituk.com/roxine/vendors/fancyBox/source/jquery.fancybox.css]
[html.waituk.com/roxine/vendors/fancyBox/source/helpers/jquery.fancybox-thumbs.css]
[html.waituk.com/roxine/css/bootstrap.css]
[html.waituk.com/roxine/css/intro.css]
[html.waituk.com/roxine/index.html]
[html.waituk.com/roxine/img/logo.svg]
[html.waituk.com/roxine/img/logo-dark.svg]
[html.waituk.com/roxine/design-studio.html]
[html.waituk.com/roxine/digital-agency.html]
[html.waituk.com/roxine/construction.html]
[html.waituk.com/roxine/corporate.html]
[html.waituk.com/roxine/header-v1.html]
[html.waituk.com/roxine/header-v2.html]
[html.waituk.com/roxine/header-v3.html]
[html.waituk.com/roxine/header-v4.html]
[html.waituk.com/roxine/header-v5.html]
[html.waituk.com/roxine/header-v6.html]
[html.waituk.com/roxine/header-v7.html]
[html.waituk.com/roxine/header-v8.html]
[html.waituk.com/roxine/header-v9.html]
[html.waituk.com/roxine/header-v10.html]
[html.waituk.com/roxine/features-simple-mega.html]
[html.waituk.com/roxine/features-with-image.html]
[html.waituk.com/roxine/features-with-video.html]
[html.waituk.com/roxine/footer-v1.html]
[html.waituk.com/roxine/footer-v2.html]
[html.waituk.com/roxine/footer-v3.html]
[html.waituk.com/roxine/footer-v4.html]
[html.waituk.com/roxine/footer-v5.html]
[html.waituk.com/roxine/footer-v6.html]
[html.waituk.com/roxine/footer-v7.html]
[html.waituk.com/roxine/footer-v8.html]
[html.waituk.com/roxine/premium-slides.html]
[html.waituk.com/roxine/slider-left-aligned.html]
[html.waituk.com/roxine/slider-center-aligned.html]
[html.waituk.com/roxine/slider-right-aligned.html]
[html.waituk.com/roxine/features-left-overlay.html]
[html.waituk.com/roxine/features-right-overlay.html]
[html.waituk.com/roxine/features-left-push.html]
[html.waituk.com/roxine/features-right-push.html]
[html.waituk.com/roxine/features-side-panel-colored.html]
[html.waituk.com/roxine/features-slide-bg.html]
[html.waituk.com/roxine/features-image-bg.html]
[html.waituk.com/roxine/features-parallax-bg.html]
[html.waituk.com/roxine/features-video-bg.html]
[html.waituk.com/roxine/features-google-map-bg.html]
[html.waituk.com/roxine/features-colored-bg.html]
[html.waituk.com/roxine/features-light-bg.html]
[html.waituk.com/roxine/features-dark-bg.html]
[html.waituk.com/roxine/features-fullscreen-bg.html]
[html.waituk.com/roxine/features-contained-bg.html]
[html.waituk.com/roxine/features-left-aligned-title.html]
[html.waituk.com/roxine/features-right-aligned-title.html]
[html.waituk.com/roxine/features-center-aligned-title.html]
[html.waituk.com/roxine/features-title-with-breadcrumb.html]
[html.waituk.com/roxine/signin.html]
[html.waituk.com/roxine/signup.html]
[html.waituk.com/roxine/forgot-password.html]
[html.waituk.com/roxine/new-password.html]
[html.waituk.com/roxine/confirm-email.html]
[html.waituk.com/roxine/registration-success.html]
[html.waituk.com/roxine/features-header-search.html]
[html.waituk.com/roxine/features-transparent-bg-search.html]
[html.waituk.com/roxine/features-light-bg-search.html]
[html.waituk.com/roxine/features-dark-bg-search.html]
[html.waituk.com/roxine/features-colored-bg-search.html]
[html.waituk.com/roxine/portfolio-no-sidebar-2-col.html]
[html.waituk.com/roxine/portfolio-no-sidebar-3-col.html]
[html.waituk.com/roxine/portfolio-no-sidebar-4-col.html]
[html.waituk.com/roxine/portfolio-no-sidebar-6-col.html]
[html.waituk.com/roxine/portfolio-left-sidebar-2-col.html]
[html.waituk.com/roxine/portfolio-left-sidebar-3-col.html]
[html.waituk.com/roxine/portfolio-left-sidebar-4-col.html]
[html.waituk.com/roxine/portfolio-right-sidebar-2-col.html]
[html.waituk.com/roxine/portfolio-right-sidebar-3-col.html]
[html.waituk.com/roxine/portfolio-right-sidebar-4-col.html]
[html.waituk.com/roxine/portfolio-masonary.html]
[html.waituk.com/roxine/portfolio-full-width.html]
[html.waituk.com/roxine/portfolio-full-width-spaced.html]
[html.waituk.com/roxine/portfolio-3-col.html]
[html.waituk.com/roxine/portfolio-single.html]
[html.waituk.com/roxine/portfolio-single-v2.html]
[html.waituk.com/roxine/portfolio-single-v3.html]
[html.waituk.com/roxine/element-accordions.html]
[html.waituk.com/roxine/element-animations.html]
[html.waituk.com/roxine/element-buttons.html]
[html.waituk.com/roxine/element-carousels.html]
[html.waituk.com/roxine/element-tabs.html]
[html.waituk.com/roxine/element-columns.html]
[html.waituk.com/roxine/element-counters.html]
[html.waituk.com/roxine/element-data-tables.html]
[html.waituk.com/roxine/element-date-time-pickers.html]
[html.waituk.com/roxine/element-dividers.html]
[html.waituk.com/roxine/element-icon-boxes.html]
[html.waituk.com/roxine/element-galleries.html]
[html.waituk.com/roxine/element-header-styles.html]
[html.waituk.com/roxine/element-icon-lists.html]
[html.waituk.com/roxine/element-labels.html]
[html.waituk.com/roxine/element-lightbox.html]
[html.waituk.com/roxine/element-google-maps.html]
[html.waituk.com/roxine/element-media-embed.html]
[html.waituk.com/roxine/element-modal-boxes.html]
[html.waituk.com/roxine/element-paginations.html]
[html.waituk.com/roxine/element-progressbar.html]
[html.waituk.com/roxine/element-range-sliders.html]
[html.waituk.com/roxine/element-star-ratings.html]
[html.waituk.com/roxine/element-pricing-boxes.html]
[html.waituk.com/roxine/element-blockquotes.html]
[html.waituk.com/roxine/font-icons.html]
[html.waituk.com/roxine/element-sections.html]
[html.waituk.com/roxine/element-social-icons.html]
[html.waituk.com/roxine/element-select-pickers.html]
[html.waituk.com/roxine/element-select-boxes.html]
[html.waituk.com/roxine/team.html]
[html.waituk.com/roxine/about.html]
[html.waituk.com/roxine/blog-one-col.html]
[html.waituk.com/roxine/blog-two-col.html]
[html.waituk.com/roxine/blog-three-col.html]
[html.waituk.com/roxine/blog-left-sidebar.html]
[html.waituk.com/roxine/blog-right-sidebar.html]
[html.waituk.com/roxine/blog-masonary.html]
[html.waituk.com/roxine/blog-full-width.html]
[html.waituk.com/roxine/blog-single.html]
[html.waituk.com/roxine/contact.html]
[html.waituk.com/roxine/img/img-02.jpg]
[html.waituk.com/roxine/img/intro-img/demo-01.jpg]
[html.waituk.com/roxine/img/intro-img/demo-02.jpg]
[html.waituk.com/roxine/img/intro-img/demo-04.jpg]
[html.waituk.com/roxine/img/intro-img/demo-03.jpg]
[html.waituk.com/roxine/img/intro-img/demo-05.jpg]
[html.waituk.com/roxine/img/intro-img/demo-06.jpg]
[html.waituk.com/roxine/img/intro-img/jquery-logo.png]
[html.waituk.com/roxine/img/intro-img/sass-logo.png]
[html.waituk.com/roxine/img/intro-img/grunt-logo.png]
[html.waituk.com/roxine/img/intro-img/html5-logo.png]
[html.waituk.com/roxine/img/intro-img/css3-logo.png]
[html.waituk.com/roxine/vendors/jquery/jquery-2.1.4.min.js]
[html.waituk.com/roxine/vendors/popper/popper.min.js]
[html.waituk.com/roxine/vendors/bootstrap/js/bootstrap.min.js]
[html.waituk.com/roxine/vendors/stellar/jquery.stellar.min.js]
[html.waituk.com/roxine/vendors/isotope/javascripts/isotope.pkgd.min.js]
[html.waituk.com/roxine/vendors/isotope/javascripts/packery-mode.pkgd.js]
[html.waituk.com/roxine/vendors/owl-carousel/dist/owl.carousel.js]
[html.waituk.com/roxine/vendors/waypoint/waypoints.min.js]
[html.waituk.com/roxine/vendors/counter-up/jquery.counterup.min.js]
[html.waituk.com/roxine/vendors/fancyBox/source/jquery.fancybox.pack.js]
[html.waituk.com/roxine/vendors/fancyBox/source/helpers/jquery.fancybox-thumbs.js]
[html.waituk.com/roxine/vendors/image-stretcher-master/image-stretcher.js]
[html.waituk.com/roxine/vendors/wow/wow.min.js]
[html.waituk.com/roxine/vendors/rateyo/jquery.rateyo.js]
[html.waituk.com/roxine/vendors/bootstrap-datepicker/js/bootstrap-datepicker.js]
[html.waituk.com/roxine/vendors/bootstrap-slider-master/src/js/bootstrap-slider.js]
[html.waituk.com/roxine/vendors/bootstrap-select/dist/js/bootstrap-select.min.js]
[html.waituk.com/roxine/js/mega-menu.js]
[html.waituk.com/roxine/intro04b9.html]
[html.waituk.com/roxine/js/jquery.main.js]
[html.waituk.com/roxine/fonts/roxine-font-icon/roxine-font-icon.woff]
[html.waituk.com/roxine/fonts/roxine-font-icon/roxine-font-icon.eot]
[html.waituk.com/roxine/fonts/roxine-font-icon/roxine-font-icond41d.eot]
[html.waituk.com/roxine/fonts/roxine-font-icon/roxine-font-icon.ttf]
[html.waituk.com/roxine/fonts/icomoon/icomoon.eot]
[html.waituk.com/roxine/fonts/icomoon/icomoon.ttf]
[html.waituk.com/roxine/fonts/roxine-font-icon/roxine-font-icon.svg]
[html.waituk.com/roxine/fonts/icomoon/icomoon.woff]
[html.waituk.com/roxine/css/fonts/icomoon/icomoon.css]
[html.waituk.com/roxine/fonts/icomoon/icomoon.svg]
[html.waituk.com/roxine/vendors/font-awesome/fonts/fontawesome-webfont93e3.eot]
[html.waituk.com/roxine/vendors/font-awesome/fonts/fontawesome-webfontd41d.eot]
[html.waituk.com/roxine/vendors/font-awesome/fonts/fontawesome-webfont93e3.woff2]
[html.waituk.com/roxine/vendors/font-awesome/fonts/fontawesome-webfont93e3.woff]
[html.waituk.com/roxine/vendors/font-awesome/fonts/fontawesome-webfont93e3.ttf]
[html.waituk.com/roxine/vendors/font-awesome/css/font-awesome.css]
[html.waituk.com/roxine/vendors/font-awesome/fonts/fontawesome-webfont93e3.svg]
[html.waituk.com/roxine/vendors/owl-carousel/dist/assets/owl.video.play.png]
[html.waituk.com/roxine/vendors/owl-carousel/dist/assets/owl.carousel.min.css]
[html.waituk.com/roxine/vendors/owl-carousel/dist/assets/owl.theme.default.min.css]
[html.waituk.com/roxine/vendors/animate/animate.css]
[html.waituk.com/roxine/vendors/rateyo/jquery.rateyo.css]
[html.waituk.com/roxine/vendors/bootstrap-datepicker/css/bootstrap-datepicker.css]
[html.waituk.com/roxine/vendors/fancyBox/source/fancybox_sprite.png]
[html.waituk.com/roxine/vendors/fancyBox/source/fancybox_loading.gif]
[html.waituk.com/roxine/vendors/fancyBox/source/blank.gif]
[html.waituk.com/roxine/vendors/fancyBox/source/fancybox_overlay.png]
[html.waituk.com/roxine/vendors/fancyBox/source/fancybox_sprite@2x.png]
[html.waituk.com/roxine/vendors/fancyBox/source/fancybox_loading@2x.gif]
[html.waituk.com/roxine/vendors/fancyBox/source/jquery.fancybox.css]
[html.waituk.com/roxine/vendors/fancyBox/source/helpers/jquery.fancybox-thumbs.css]
[html.waituk.com/roxine/css/bootstrap.css]
[html.waituk.com/roxine/img/visual-14.jpg]
[html.waituk.com/roxine/img/visual-02.jpg]
[html.waituk.com/roxine/img/visual-small-06.jpg]
[html.waituk.com/roxine/img/visual-03.jpg]
[html.waituk.com/roxine/img/visual-04.jpg]
[html.waituk.com/roxine/img/visual-small-07.jpg]
[html.waituk.com/roxine/img/visual-small-08.jpg]
[html.waituk.com/roxine/img/visual-small-09.jpg]
[html.waituk.com/roxine/img/visual-small-10.jpg]
[html.waituk.com/roxine/img/visual-small-11.jpg]
[html.waituk.com/roxine/img/visual-small-12.jpg]
[html.waituk.com/roxine/img/visual-small-13.jpg]
[html.waituk.com/roxine/img/visual-small-14.jpg]
[html.waituk.com/roxine/img/visual-small-15.jpg]
[html.waituk.com/roxine/img/visual-small-16.jpg]
[html.waituk.com/roxine/img/visual-small-17.jpg]
[html.waituk.com/roxine/img/visual-small-18.jpg]
[html.waituk.com/roxine/img/visual-small-19.jpg]
[html.waituk.com/roxine/img/visual-small-20.jpg]
[html.waituk.com/roxine/img/visual-small-21.jpg]
[html.waituk.com/roxine/img/visual-small-22.jpg]
[html.waituk.com/roxine/img/visual-15.jpg]
[html.waituk.com/roxine/img/big-19.jpg]
[html.waituk.com/roxine/img/visual-small-01.jpg]
[html.waituk.com/roxine/img/visual-small-02.jpg]
[html.waituk.com/roxine/img/visual-small-04.jpg]
[html.waituk.com/roxine/img/visual-small-05.jpg]
[html.waituk.com/roxine/img/big-15.jpg]
[html.waituk.com/roxine/img/big-06.jpg]
[html.waituk.com/roxine/img/big-04.jpg]
[html.waituk.com/roxine/img/big-09.jpg]
[html.waituk.com/roxine/img/big-12.jpg]
[html.waituk.com/roxine/img/big-03.jpg]
[html.waituk.com/roxine/img/blog-01.jpg]
[html.waituk.com/roxine/img/intro-img/intro-banner-01.jpg]
[html.waituk.com/roxine/img/map-05.png]
[html.waituk.com/roxine/css/intro.css]
[html.waituk.com/roxine/vendors/rev-slider/revolution/css/settings.css]
[html.waituk.com/roxine/vendors/rev-slider/revolution/css/layers.css]
[html.waituk.com/roxine/vendors/rev-slider/revolution/css/navigation.css]
[html.waituk.com/roxine/css/main.css]
[html.waituk.com/roxine/img/big-14.jpg]
[html.waituk.com/roxine/img/divider.png]
[html.waituk.com/roxine/img/img-37.jpg]
[html.waituk.com/roxine/img/img-32.jpg]
[html.waituk.com/roxine/img/img-33.jpg]
[html.waituk.com/roxine/img/img-34.jpg]
[html.waituk.com/roxine/img/img-35.jpg]
[html.waituk.com/roxine/img/img-36.jpg]
[html.waituk.com/roxine/img/big-01.jpg]
[html.waituk.com/roxine/img/team-02.jpg]
[html.waituk.com/roxine/img/team-01.jpg]
[html.waituk.com/roxine/img/team-03.jpg]
[html.waituk.com/roxine/img/people-01.jpg]
[html.waituk.com/roxine/img/people-02.jpg]
[html.waituk.com/roxine/img/people-03.jpg]
[html.waituk.com/roxine/img/logo-01.png]
[html.waituk.com/roxine/img/logo-02.png]
[html.waituk.com/roxine/img/logo-03.png]
[html.waituk.com/roxine/img/logo-04.png]
[html.waituk.com/roxine/vendors/owl-carousel/dist/owl.carousel.min.js]
[html.waituk.com/roxine/vendors/rateyo/jquery.rateyo.min.js]
[html.waituk.com/roxine/vendors/bootstrap-datepicker/js/bootstrap-datepicker.min.js]
[html.waituk.com/roxine/vendors/retina/retina.min.js]
[html.waituk.com/roxine/vendors/rev-slider/revolution/js/jquery.themepunch.tools.min.js]
[html.waituk.com/roxine/vendors/rev-slider/revolution/js/jquery.themepunch.revolution.min.js]
[html.waituk.com/roxine/vendors/rev-slider/revolution/js/extensions/revolution.extension.actions.min.js]
[html.waituk.com/roxine/vendors/rev-slider/revolution/js/extensions/revolution.extension.carousel.min.js]
[html.waituk.com/roxine/vendors/rev-slider/revolution/js/extensions/revolution.extension.kenburn.min.js]
[html.waituk.com/roxine/vendors/rev-slider/revolution/js/extensions/revolution.extension.layeranimation.min.js]
[html.waituk.com/roxine/vendors/rev-slider/revolution/js/extensions/revolution.extension.migration.min.js]
[html.waituk.com/roxine/vendors/rev-slider/revolution/js/extensions/revolution.extension.navigation.min.js]
[html.waituk.com/roxine/vendors/rev-slider/revolution/js/extensions/revolution.extension.parallax.min.js]
[html.waituk.com/roxine/vendors/rev-slider/revolution/js/extensions/revolution.extension.slideanims.min.js]
[html.waituk.com/roxine/vendors/rev-slider/revolution/js/extensions/revolution.extension.video.min.js]
[html.waituk.com/roxine/vendors/rev-slider/revolution-addons/snow/revolution.addon.snow.min.js]
[html.waituk.com/roxine/index.html]
[html.waituk.com/roxine/img/logo.svg]
[html.waituk.com/roxine/img/logo-dark.svg]
[html.waituk.com/roxine/js/revolution.js]
[html.waituk.com/roxine/img/big-02.jpg]
[html.waituk.com/roxine/img/divider-white.png]
[html.waituk.com/roxine/img/img-01.jpg]
[html.waituk.com/roxine/img/img-03.jpg]
[html.waituk.com/roxine/img/img-04.jpg]
[html.waituk.com/roxine/img/img-05.jpg]
[html.waituk.com/roxine/img/img-06.jpg]
[html.waituk.com/roxine/img/big-05.jpg]
[html.waituk.com/roxine/img/img-16.jpg]
[html.waituk.com/roxine/img/img-17.jpg]
[html.waituk.com/roxine/img/img-18.jpg]
[html.waituk.com/roxine/img/img-08.jpg]
[html.waituk.com/roxine/img/img-07.jpg]
[html.waituk.com/roxine/design-studio.html]
[html.waituk.com/roxine/img/big-16.jpg]
[html.waituk.com/roxine/img/img-24.jpg]
[html.waituk.com/roxine/img/img-25.jpg]
[html.waituk.com/roxine/digital-agency.html]
[html.waituk.com/roxine/img/big-10.jpg]
[html.waituk.com/roxine/css/construction.css]
[html.waituk.com/roxine/img/img-26.jpg]
[html.waituk.com/roxine/img/img-27.jpg]
[html.waituk.com/roxine/img/img-28.jpg]
[html.waituk.com/roxine/img/logo-05.png]
[html.waituk.com/roxine/img/icons/icon-planning.png]
[html.waituk.com/roxine/img/icons/icon-design.png]
[html.waituk.com/roxine/img/icons/icon-service.png]
[html.waituk.com/roxine/img/icons/icon-support.png]
[html.waituk.com/roxine/img/team-06.jpg]
[html.waituk.com/roxine/img/team-05.jpg]
[html.waituk.com/roxine/img/team-04.jpg]
[html.waituk.com/roxine/construction.html]
[html.waituk.com/roxine/img/big-11.jpg]
[html.waituk.com/roxine/corporate.html]
[html.waituk.com/roxine/header-v1.html]
[html.waituk.com/roxine/header-v2.html]
[html.waituk.com/roxine/header-v3.html]
[html.waituk.com/roxine/header-v4.html]
[html.waituk.com/roxine/header-v5.html]
[html.waituk.com/roxine/header-v6.html]
[html.waituk.com/roxine/header-v7.html]
[html.waituk.com/roxine/header-v8.html]
[html.waituk.com/roxine/header-v9.html]
[html.waituk.com/roxine/header-v10.html]
[html.waituk.com/roxine/features-simple-mega.html]
[html.waituk.com/roxine/features-with-image.html]
[html.waituk.com/roxine/videos/video-3.mp4]
[html.waituk.com/roxine/features-with-video.html]
[html.waituk.com/roxine/img/thumb.jpg]
[html.waituk.com/roxine/img/thumb1.jpg]
[html.waituk.com/roxine/img/thumb2.jpg]
[html.waituk.com/roxine/img/thumb4.jpg]
[html.waituk.com/roxine/img/thumb5.jpg]
[html.waituk.com/roxine/img/thumb6.jpg]
[html.waituk.com/roxine/img/thumb7.jpg]
[html.waituk.com/roxine/img/thumb8.jpg]
[html.waituk.com/roxine/img/thumb9.jpg]
[html.waituk.com/roxine/img/thumb10.jpg]
[html.waituk.com/roxine/img/thumb11.jpg]
[html.waituk.com/roxine/img/thumb12.jpg]
[html.waituk.com/roxine/footer-v1.html]
[html.waituk.com/roxine/footer-v2.html]
[html.waituk.com/roxine/footer-v3.html]
[html.waituk.com/roxine/footer-v4.html]
[html.waituk.com/roxine/footer-v5.html]
[html.waituk.com/roxine/footer-v6.html]
[html.waituk.com/roxine/footer-v7.html]
[html.waituk.com/roxine/footer-v8.html]
[html.waituk.com/roxine/css/vendor-overwrites/noneed.css]
[html.waituk.com/roxine/vendors/rev-slider/examples/- Original Previews -/HappyHolidays.html]
[html.waituk.com/roxine/vendors/rev-slider/assets/gridimages/HappyHolidays.jpg]
[html.waituk.com/roxine/vendors/rev-slider/examples/- Original Previews -/NiceAndClean.html]
[html.waituk.com/roxine/vendors/rev-slider/assets/gridimages/NiceAndClean.jpg]
[html.waituk.com/roxine/vendors/rev-slider/examples/- Original Previews -/80sStyleIntro.html]
[html.waituk.com/roxine/vendors/rev-slider/assets/gridimages/80sStyleIntro.jpg]
[html.waituk.com/roxine/vendors/rev-slider/examples/- Original Previews -/BlurEffectSlider.html]
[html.waituk.com/roxine/vendors/rev-slider/assets/gridimages/BlurEffectSlider.jpg]
[html.waituk.com/roxine/vendors/rev-slider/examples/- Original Previews -/ComingSoon2.html]
[html.waituk.com/roxine/vendors/rev-slider/assets/gridimages/ComingSoon2.jpg]
[html.waituk.com/roxine/vendors/rev-slider/examples/- Original Previews -/themeplicity.html]
[html.waituk.com/roxine/vendors/rev-slider/assets/gridimages/themeplicity.jpg]
[html.waituk.com/roxine/vendors/rev-slider/examples/- Original Previews -/blend_mode.html]
[html.waituk.com/roxine/vendors/rev-slider/assets/gridimages/blendmode.jpg]
[html.waituk.com/roxine/vendors/rev-slider/examples/- Original Previews -/webagency.html]
[html.waituk.com/roxine/vendors/rev-slider/assets/gridimages/webagency.jpg]
[html.waituk.com/roxine/vendors/rev-slider/examples/- Original Previews -/minimal_website.html]
[html.waituk.com/roxine/vendors/rev-slider/assets/gridimages/minimal_website.jpg]
[html.waituk.com/roxine/vendors/rev-slider/assets/gridimages/duotone.jpg]
[html.waituk.com/roxine/vendors/rev-slider/examples/- Original Previews -/exploration_header.html]
[html.waituk.com/roxine/vendors/rev-slider/assets/gridimages/exploration_header.jpg]
[html.waituk.com/roxine/vendors/rev-slider/examples/- Original Previews -/inspiration_header.html]
[html.waituk.com/roxine/vendors/rev-slider/assets/gridimages/inspiration_header.jpg]
[html.waituk.com/roxine/vendors/rev-slider/examples/- Original Previews -/magazine_posts.html]
[html.waituk.com/roxine/vendors/rev-slider/assets/gridimages/magazine_posts.jpg]
[html.waituk.com/roxine/vendors/rev-slider/examples/- Original Previews -/focus-parallax.html]
[html.waituk.com/roxine/vendors/rev-slider/assets/gridimages/focus_parallax.jpg]
[html.waituk.com/roxine/vendors/rev-slider/examples/- Original Previews -/website-builder.html]
[html.waituk.com/roxine/vendors/rev-slider/assets/gridimages/websitebuilder.jpg]
[html.waituk.com/roxine/vendors/rev-slider/examples/- Original Previews -/dark-fullsite.html]
[html.waituk.com/roxine/vendors/rev-slider/assets/gridimages/dark_theme_blocks.jpg]
[html.waituk.com/roxine/vendors/rev-slider/examples/- Original Previews -/light-fullsite.html]
[html.waituk.com/roxine/vendors/rev-slider/assets/gridimages/light_theme_blocks.jpg]
[html.waituk.com/roxine/vendors/rev-slider/examples/- Original Previews -/innovation.html]
[html.waituk.com/roxine/vendors/rev-slider/assets/gridimages/innovation_premium.jpg]
[html.waituk.com/roxine/vendors/rev-slider/examples/- Original Previews -/tech-journal.html]
[html.waituk.com/roxine/vendors/rev-slider/assets/gridimages/tech_journal.jpg]
[html.waituk.com/roxine/vendors/rev-slider/examples/- Original Previews -/cardealer.html]
[html.waituk.com/roxine/vendors/rev-slider/assets/gridimages/cardealership.jpg]
[html.waituk.com/roxine/vendors/rev-slider/examples/- Original Previews -/creative-frontpage.html]
[html.waituk.com/roxine/vendors/rev-slider/assets/gridimages/creative_frontpage.jpg]
[html.waituk.com/roxine/vendors/rev-slider/examples/- Original Previews -/fulscreen-menu.html]
[html.waituk.com/roxine/vendors/rev-slider/assets/gridimages/fullscreen_menu.jpg]
[html.waituk.com/roxine/vendors/rev-slider/examples/- Original Previews -/agency-website.html]
[html.waituk.com/roxine/vendors/rev-slider/assets/gridimages/agencyslider.jpg]
[html.waituk.com/roxine/vendors/rev-slider/examples/- Original Previews -/app-landing-page.html]
[html.waituk.com/roxine/vendors/rev-slider/assets/gridimages/app_landing_grid.jpg]
[html.waituk.com/roxine/vendors/rev-slider/examples/- Original Previews -/coming-soon.html]
[html.waituk.com/roxine/vendors/rev-slider/assets/gridimages/comingsoon-1.jpg]
[html.waituk.com/roxine/vendors/rev-slider/examples/- Original Previews -/desk-scene.html]
[html.waituk.com/roxine/vendors/rev-slider/assets/gridimages/deskscene.jpg]
[html.waituk.com/roxine/vendors/rev-slider/examples/- Original Previews -/sleek-landing-page.html]
[html.waituk.com/roxine/vendors/rev-slider/assets/gridimages/landingpage.jpg]
[html.waituk.com/roxine/vendors/rev-slider/examples/- Original Previews -/clean-news-slider.html]
[html.waituk.com/roxine/vendors/rev-slider/assets/gridimages/newsgallery.jpg]
[html.waituk.com/roxine/vendors/rev-slider/examples/- Original Previews -/image-gallery.html]
[html.waituk.com/roxine/vendors/rev-slider/assets/gridimages/photogallery.jpg]
[html.waituk.com/roxine/vendors/rev-slider/examples/- Original Previews -/rock-band-music.html]
[html.waituk.com/roxine/vendors/rev-slider/assets/gridimages/rockband_grid.jpg]
[html.waituk.com/roxine/vendors/rev-slider/examples/- Original Previews -/interactive-whiteboard.html]
[html.waituk.com/roxine/vendors/rev-slider/assets/gridimages/whiteboard.jpg]
[html.waituk.com/roxine/vendors/rev-slider/examples/- Original Previews -/christmas-snow.html]
[html.waituk.com/roxine/vendors/rev-slider/assets/gridimages/xmas_slider.jpg]
[html.waituk.com/roxine/vendors/rev-slider/examples/- Original Previews -/premium-4kvideos.html]
[html.waituk.com/roxine/vendors/rev-slider/assets/gridimages/premium_better_youtube.jpg]
[html.waituk.com/roxine/vendors/rev-slider/examples/- Original Previews -/premium-team-slider.html]
[html.waituk.com/roxine/vendors/rev-slider/assets/gridimages/premium_our_team_slider.jpg]
[html.waituk.com/roxine/vendors/rev-slider/examples/- Original Previews -/premium-team-carousel.html]
[html.waituk.com/roxine/vendors/rev-slider/assets/gridimages/premium_our_team_carousel.jpg]
[html.waituk.com/roxine/vendors/rev-slider/examples/- Original Previews -/premium-restaurant.html]
[html.waituk.com/roxine/vendors/rev-slider/assets/gridimages/restaurant_grid.jpg]
[html.waituk.com/roxine/vendors/rev-slider/examples/- Original Previews -/premium-agency.html]
[html.waituk.com/roxine/vendors/rev-slider/assets/gridimages/agency_grid.jpg]
[html.waituk.com/roxine/vendors/rev-slider/examples/- Original Previews -/premium-concept.html]
[html.waituk.com/roxine/vendors/rev-slider/assets/gridimages/premium_concept.jpg]
[html.waituk.com/roxine/vendors/rev-slider/examples/- Original Previews -/premium-creative-freedom.html]
[html.waituk.com/roxine/vendors/rev-slider/assets/gridimages/premium_creative_freedom.jpg]
[html.waituk.com/roxine/vendors/rev-slider/examples/- Original Previews -/premium-fullscreen-button.html]
[html.waituk.com/roxine/vendors/rev-slider/assets/gridimages/premium_fullscreen_button1.jpg]
[html.waituk.com/roxine/vendors/rev-slider/examples/- Original Previews -/premium-parallax-scene.html]
[html.waituk.com/roxine/vendors/rev-slider/assets/gridimages/premium_parallax_scene.jpg]
[html.waituk.com/roxine/vendors/rev-slider/examples/- Original Previews -/premium-sliding-overlays.html]
[html.waituk.com/roxine/vendors/rev-slider/assets/gridimages/premium_sliding_overlays.jpg]
[html.waituk.com/roxine/vendors/rev-slider/examples/- Original Previews -/premium-webproduct-hero.html]
[html.waituk.com/roxine/vendors/rev-slider/assets/gridimages/premium_web_product_3d.jpg]
[html.waituk.com/roxine/vendors/rev-slider/examples/- Original Previews -/premium-ecommerce.html]
[html.waituk.com/roxine/vendors/rev-slider/assets/gridimages/premium_woocommerce.jpg]
[html.waituk.com/roxine/vendors/rev-slider/examples/- Original Previews -/carousel-classic.html]
[html.waituk.com/roxine/vendors/rev-slider/assets/gridimages/carousel_classic1.jpg]
[html.waituk.com/roxine/vendors/rev-slider/examples/- Original Previews -/carousel-highlight.html]
[html.waituk.com/roxine/vendors/rev-slider/assets/gridimages/carousel_highlight1.jpg]
[html.waituk.com/roxine/vendors/rev-slider/examples/- Original Previews -/carousel-gallery.html]
[html.waituk.com/roxine/vendors/rev-slider/assets/gridimages/carousel_instagram1.jpg]
[html.waituk.com/roxine/vendors/rev-slider/examples/- Original Previews -/carousel-media.html]
[html.waituk.com/roxine/vendors/rev-slider/assets/gridimages/carousel_media1.jpg]
[html.waituk.com/roxine/vendors/rev-slider/examples/- Original Previews -/carousel-photography.html]
[html.waituk.com/roxine/vendors/rev-slider/assets/gridimages/carousel_photography1.jpg]
[html.waituk.com/roxine/vendors/rev-slider/examples/- Original Previews -/carousel-showcase.html]
[html.waituk.com/roxine/vendors/rev-slider/assets/gridimages/carousel_showcase1.jpg]
[html.waituk.com/roxine/vendors/rev-slider/examples/- Original Previews -/hero-image.html]
[html.waituk.com/roxine/vendors/rev-slider/assets/gridimages/hero_image1.jpg]
[html.waituk.com/roxine/vendors/rev-slider/examples/- Original Previews -/news-video.html]
[html.waituk.com/roxine/vendors/rev-slider/assets/gridimages/hero_newscollection.jpg]
[html.waituk.com/roxine/vendors/rev-slider/examples/- Original Previews -/hero-newsletter.html]
[html.waituk.com/roxine/vendors/rev-slider/assets/gridimages/hero_newsletter1.jpg]
[html.waituk.com/roxine/vendors/rev-slider/examples/- Original Previews -/hero-search-form.html]
[html.waituk.com/roxine/vendors/rev-slider/assets/gridimages/hero_searchform.jpg]
[html.waituk.com/roxine/vendors/rev-slider/examples/- Original Previews -/hero-sports.html]
[html.waituk.com/roxine/vendors/rev-slider/assets/gridimages/hero_sports1.jpg]
[html.waituk.com/roxine/vendors/rev-slider/examples/- Original Previews -/hero-vimeo.html]
[html.waituk.com/roxine/vendors/rev-slider/assets/gridimages/hero_vimeo1.jpg]
[html.waituk.com/roxine/vendors/rev-slider/examples/- Original Previews -/hero-web-product-dark.html]
[html.waituk.com/roxine/vendors/rev-slider/assets/gridimages/hero_webproductdark.jpg]
[html.waituk.com/roxine/vendors/rev-slider/examples/- Original Previews -/hero-web-product-light.html]
[html.waituk.com/roxine/vendors/rev-slider/assets/gridimages/hero_webproductlight.jpg]
[html.waituk.com/roxine/vendors/rev-slider/examples/- Original Previews -/hero-youtube.html]
[html.waituk.com/roxine/vendors/rev-slider/assets/gridimages/hero_youtube1.jpg]
[html.waituk.com/roxine/vendors/rev-slider/examples/- Original Previews -/premium-rotating-words.html]
[html.waituk.com/roxine/vendors/rev-slider/assets/gridimages/premium_rotatingwords.jpg]
[html.waituk.com/roxine/vendors/rev-slider/examples/- Original Previews -/premium-content-zoom.html]
[html.waituk.com/roxine/vendors/rev-slider/assets/gridimages/premium1_content_zoom.jpg]
[html.waituk.com/roxine/vendors/rev-slider/examples/- Original Previews -/premium-scroll-effects.html]
[html.waituk.com/roxine/vendors/rev-slider/assets/gridimages/premium2_big_bold.jpg]
[html.waituk.com/roxine/vendors/rev-slider/examples/- Original Previews -/premium-food-carousel.html]
[html.waituk.com/roxine/vendors/rev-slider/assets/gridimages/premium3_food_carousel.jpg]
[html.waituk.com/roxine/vendors/rev-slider/examples/- Original Previews -/slider-classic.html]
[html.waituk.com/roxine/vendors/rev-slider/assets/gridimages/slider_classic1.jpg]
[html.waituk.com/roxine/vendors/rev-slider/examples/- Original Previews -/slider-classic-full.html]
[html.waituk.com/roxine/vendors/rev-slider/assets/gridimages/slider_classicfull.jpg]
[html.waituk.com/roxine/vendors/rev-slider/examples/- Original Previews -/gallery-light.html]
[html.waituk.com/roxine/vendors/rev-slider/assets/gridimages/slider_facebook.jpg]
[html.waituk.com/roxine/vendors/rev-slider/examples/- Original Previews -/content-tabs.html]
[html.waituk.com/roxine/vendors/rev-slider/assets/gridimages/slider_fancytext.jpg]
[html.waituk.com/roxine/vendors/rev-slider/examples/- Original Previews -/slider-fashion.html]
[html.waituk.com/roxine/vendors/rev-slider/assets/gridimages/slider_fashion.jpg]
[html.waituk.com/roxine/vendors/rev-slider/examples/- Original Previews -/gallery-dark.html]
[html.waituk.com/roxine/vendors/rev-slider/assets/gridimages/slider_flickr.jpg]
[html.waituk.com/roxine/vendors/rev-slider/examples/- Original Previews -/slider-notgeneric.html]
[html.waituk.com/roxine/vendors/rev-slider/assets/gridimages/slider_generic.jpg]
[html.waituk.com/roxine/vendors/rev-slider/examples/- Original Previews -/slider-gym.html]
[html.waituk.com/roxine/vendors/rev-slider/assets/gridimages/slider_gym.jpg]
[html.waituk.com/roxine/vendors/rev-slider/examples/- Original Previews -/slider-highlight-showcase.html]
[html.waituk.com/roxine/vendors/rev-slider/assets/gridimages/slider_highlight1.jpg]
[html.waituk.com/roxine/vendors/rev-slider/examples/- Original Previews -/slider-levano-restaurant-bar.html]
[html.waituk.com/roxine/vendors/rev-slider/assets/gridimages/slider_levano.jpg]
[html.waituk.com/roxine/vendors/rev-slider/examples/- Original Previews -/slider-media.html]
[html.waituk.com/roxine/vendors/rev-slider/assets/gridimages/slider_media.jpg]
[html.waituk.com/roxine/vendors/rev-slider/examples/- Original Previews -/gallery-news.html]
[html.waituk.com/roxine/vendors/rev-slider/assets/gridimages/slider_news.jpg]
[html.waituk.com/roxine/vendors/rev-slider/examples/- Original Previews -/slider-photography.html]
[html.waituk.com/roxine/vendors/rev-slider/assets/gridimages/slider_photography.jpg]
[html.waituk.com/roxine/vendors/rev-slider/examples/- Original Previews -/gallery-vimeo.html]
[html.waituk.com/roxine/vendors/rev-slider/assets/gridimages/slider_vimeo.jpg]
[html.waituk.com/roxine/vendors/rev-slider/examples/- Original Previews -/gallery-youtube.html]
[html.waituk.com/roxine/vendors/rev-slider/assets/gridimages/slider_youtube.jpg]
[html.waituk.com/roxine/vendors/rev-slider/examples/- Original Previews -/web-product-dark.html]
[html.waituk.com/roxine/vendors/rev-slider/assets/gridimages/slider_webproductdark.jpg]
[html.waituk.com/roxine/vendors/rev-slider/examples/- Original Previews -/web-product-light.html]
[html.waituk.com/roxine/vendors/rev-slider/assets/gridimages/slider_webproductlight.jpg]
[html.waituk.com/roxine/vendors/rev-slider/examples/- Original Previews -/premium-travel.html]
[html.waituk.com/roxine/vendors/rev-slider/assets/gridimages/travelslider.jpg]
[html.waituk.com/roxine/premium-slides.html]
[html.waituk.com/roxine/slider-left-aligned.html]
[html.waituk.com/roxine/slider-center-aligned.html]
[html.waituk.com/roxine/slider-right-aligned.html]
[html.waituk.com/roxine/features-left-overlay.html]
[html.waituk.com/roxine/features-right-overlay.html]
[html.waituk.com/roxine/features-left-push.html]
[html.waituk.com/roxine/features-right-push.html]
[html.waituk.com/roxine/features-side-panel-colored.html]
[html.waituk.com/roxine/img/portfolio-big-01.jpg]
[html.waituk.com/roxine/features-slide-bg.html]
[html.waituk.com/roxine/features-image-bg.html]
[html.waituk.com/roxine/features-parallax-bg.html]
[html.waituk.com/roxine/features-video-bg.html]
[html.waituk.com/roxine/features-google-map-bg.html]
[html.waituk.com/roxine/features-colored-bg.html]
[html.waituk.com/roxine/features-light-bg.html]
[html.waituk.com/roxine/features-dark-bg.html]
[html.waituk.com/roxine/features-fullscreen-bg.html]
[html.waituk.com/roxine/features-contained-bg.html]
[html.waituk.com/roxine/features-left-aligned-title.html]
[html.waituk.com/roxine/features-right-aligned-title.html]
[html.waituk.com/roxine/features-center-aligned-title.html]
[html.waituk.com/roxine/features-title-with-breadcrumb.html]
[html.waituk.com/roxine/img/visual-12.jpg]
[html.waituk.com/roxine/signin.html]
[html.waituk.com/roxine/signup.html]
[html.waituk.com/roxine/forgot-password.html]
[html.waituk.com/roxine/new-password.html]
[html.waituk.com/roxine/confirm-email.html]
[html.waituk.com/roxine/registration-success.html]
[html.waituk.com/roxine/features-header-search.html]
[html.waituk.com/roxine/features-transparent-bg-search.html]
[html.waituk.com/roxine/features-light-bg-search.html]
[html.waituk.com/roxine/features-dark-bg-search.html]
[html.waituk.com/roxine/features-colored-bg-search.html]
[html.waituk.com/roxine/img/portfolio-21.jpg]
[html.waituk.com/roxine/img/portfolio-22.jpg]
[html.waituk.com/roxine/img/portfolio-23.jpg]
[html.waituk.com/roxine/img/portfolio-24.jpg]
[html.waituk.com/roxine/img/portfolio-25.jpg]
[html.waituk.com/roxine/img/portfolio-26.jpg]
[html.waituk.com/roxine/img/portfolio-27.jpg]
[html.waituk.com/roxine/img/portfolio-28.jpg]
[html.waituk.com/roxine/img/portfolio-29.jpg]
[html.waituk.com/roxine/portfolio-no-sidebar-2-col.html]
[html.waituk.com/roxine/portfolio-no-sidebar-3-col.html]
[html.waituk.com/roxine/portfolio-no-sidebar-4-col.html]
[html.waituk.com/roxine/portfolio-no-sidebar-6-col.html]
[html.waituk.com/roxine/img/thumb3.jpg]
[html.waituk.com/roxine/portfolio-left-sidebar-2-col.html]
[html.waituk.com/roxine/portfolio-left-sidebar-3-col.html]
[html.waituk.com/roxine/portfolio-left-sidebar-4-col.html]
[html.waituk.com/roxine/portfolio-right-sidebar-2-col.html]
[html.waituk.com/roxine/portfolio-right-sidebar-3-col.html]
[html.waituk.com/roxine/portfolio-right-sidebar-4-col.html]
[html.waituk.com/roxine/img/visual-small-03.jpg]
[html.waituk.com/roxine/img/portfolio-01.jpg]
[html.waituk.com/roxine/img/portfolio-02.jpg]
[html.waituk.com/roxine/img/portfolio-03.jpg]
[html.waituk.com/roxine/img/portfolio-04.jpg]
[html.waituk.com/roxine/img/portfolio-05.jpg]
[html.waituk.com/roxine/img/portfolio-06.jpg]
[html.waituk.com/roxine/img/portfolio-07.jpg]
[html.waituk.com/roxine/img/portfolio-08.jpg]
[html.waituk.com/roxine/img/portfolio-09.jpg]
[html.waituk.com/roxine/img/portfolio-10.jpg]
[html.waituk.com/roxine/img/portfolio-11.jpg]
[html.waituk.com/roxine/portfolio-masonary.html]
[html.waituk.com/roxine/img/portfolio-12.jpg]
[html.waituk.com/roxine/img/portfolio-13.jpg]
[html.waituk.com/roxine/img/portfolio-14.jpg]
[html.waituk.com/roxine/img/portfolio-15.jpg]
[html.waituk.com/roxine/img/portfolio-16.jpg]
[html.waituk.com/roxine/img/portfolio-17.jpg]
[html.waituk.com/roxine/img/portfolio-18.jpg]
[html.waituk.com/roxine/img/portfolio-19.jpg]
[html.waituk.com/roxine/portfolio-full-width.html]
[html.waituk.com/roxine/portfolio-full-width-spaced.html]
[html.waituk.com/roxine/portfolio-3-col.html]
[html.waituk.com/roxine/img/img-12.jpg]
[html.waituk.com/roxine/img/img-13.jpg]
[html.waituk.com/roxine/img/img-14.jpg]
[html.waituk.com/roxine/img/img-15.jpg]
[html.waituk.com/roxine/portfolio-single.html]
[html.waituk.com/roxine/portfolio-single-v2.html]
[html.waituk.com/roxine/portfolio-single-v3.html]
[html.waituk.com/roxine/element-accordions.html]
[html.waituk.com/roxine/img/img-anim-01.jpg]
[html.waituk.com/roxine/img/img-anim-02.jpg]
[html.waituk.com/roxine/img/img-anim-03.jpg]
[html.waituk.com/roxine/img/img-anim-04.jpg]
[html.waituk.com/roxine/img/img-anim-05.jpg]
[html.waituk.com/roxine/img/img-anim-06.jpg]
[html.waituk.com/roxine/img/img-anim-07.jpg]
[html.waituk.com/roxine/img/img-anim-08.jpg]
[html.waituk.com/roxine/img/img-anim-09.jpg]
[html.waituk.com/roxine/element-animations.html]
[html.waituk.com/roxine/element-buttons.html]
[html.waituk.com/roxine/element-carousels.html]
[html.waituk.com/roxine/element-tabs.html]
[html.waituk.com/roxine/element-columns.html]
[html.waituk.com/roxine/element-counters.html]
[html.waituk.com/roxine/element-data-tables.html]
[html.waituk.com/roxine/element-date-time-pickers.html]
[html.waituk.com/roxine/element-dividers.html]
[html.waituk.com/roxine/element-icon-boxes.html]
[html.waituk.com/roxine/element-galleries.html]
[html.waituk.com/roxine/element-header-styles.html]
[html.waituk.com/roxine/element-icon-lists.html]
[html.waituk.com/roxine/element-labels.html]
[html.waituk.com/roxine/element-lightbox.html]
[html.waituk.com/roxine/element-google-maps.html]
[html.waituk.com/roxine/element-media-embed.html]
[html.waituk.com/roxine/element-modal-boxes.html]
[html.waituk.com/roxine/element-paginations.html]
[html.waituk.com/roxine/element-progressbar.html]
[html.waituk.com/roxine/element-range-sliders.html]
[html.waituk.com/roxine/element-star-ratings.html]
[html.waituk.com/roxine/element-pricing-boxes.html]
[html.waituk.com/roxine/element-blockquotes.html]
[html.waituk.com/roxine/css/fonts/roxine-font-icon/roxine-font.css]
[html.waituk.com/roxine/font-icons.html]
[html.waituk.com/roxine/element-sections.html]
[html.waituk.com/roxine/element-social-icons.html]
[html.waituk.com/roxine/element-select-pickers.html]
[html.waituk.com/roxine/element-select-boxes.html]
[html.waituk.com/roxine/css/vendor-overwrites/roxine-font-icon.css]
[html.waituk.com/roxine/img/team-09.jpg]
[html.waituk.com/roxine/img/team-08.jpg]
[html.waituk.com/roxine/img/team-07.jpg]
[html.waituk.com/roxine/team.html]
[html.waituk.com/roxine/img/img-09.jpg]
[html.waituk.com/roxine/img/img-10.jpg]
[html.waituk.com/roxine/img/img-11.jpg]
[html.waituk.com/roxine/about.html]
[html.waituk.com/roxine/blog-one-col.html]
[html.waituk.com/roxine/img/img-30.jpg]
[html.waituk.com/roxine/img/img-31.jpg]
[html.waituk.com/roxine/blog-two-col.html]
[html.waituk.com/roxine/blog-three-col.html]
[html.waituk.com/roxine/blog-left-sidebar.html]
[html.waituk.com/roxine/blog-right-sidebar.html]
[html.waituk.com/roxine/blog-masonary.html]
[html.waituk.com/roxine/blog-full-width.html]
[html.waituk.com/roxine/blog-single.html]
[html.waituk.com/roxine/js/jquery.validate.js]
[html.waituk.com/roxine/js/mailchimp.js]
[html.waituk.com/roxine/contact.html]
[html.waituk.com/roxine/js/contact-form.js]
[html.waituk.com/roxine/fonts/roxine-font-icon/roxine-font-icon.svg]
[html.waituk.com/roxine/fonts/icomoon/icomoon.svg]
[html.waituk.com/roxine/vendors/font-awesome/fonts/fontawesome-webfont93e3.svg]
[html.waituk.com/img/car.html]
[html.waituk.com/img/nfl.html]
[html.waituk.com/img/nba.html]
[html.waituk.com/img/mlb.html]
[html.waituk.com/img/flags.html]
[html.waituk.com/roxine/img/Dest_B23516_39.html]
[html.waituk.com/roxine/vendors/rev-slider/revolution/fonts/revicons/revicons90c6.eot]
[html.waituk.com/roxine/vendors/rev-slider/revolution/fonts/revicons/revicons90c6.woff]
[html.waituk.com/roxine/vendors/rev-slider/revolution/fonts/revicons/revicons90c6.ttf]
[html.waituk.com/roxine/vendors/rev-slider/revolution/fonts/revicons/revicons90c6.svg]
[html.waituk.com/roxine/vendors/rev-slider/revolution/css/openhand.cur]
[html.waituk.com/roxine/vendors/rev-slider/revolution/css/closedhand.cur]
[html.waituk.com/roxine/vendors/rev-slider/revolution/assets/gridtile.png]
[html.waituk.com/roxine/vendors/rev-slider/revolution/assets/gridtile_white.png]
[html.waituk.com/roxine/vendors/rev-slider/revolution/assets/gridtile_3x3.png]
[html.waituk.com/roxine/vendors/rev-slider/revolution/assets/gridtile_3x3_white.png]
[html.waituk.com/roxine/vendors/rev-slider/revolution/assets/coloredbg.png]
[html.waituk.com/roxine/vendors/rev-slider/revolution/assets/loader.gif]
[html.waituk.com/roxine/vendors/rev-slider/revolution/css/settings.css]
[html.waituk.com/roxine/vendors/rev-slider/revolution/css/layers.css]
[html.waituk.com/roxine/vendors/rev-slider/revolution/css/navigation.css]
[html.waituk.com/roxine/css/main.css]
[html.waituk.com/roxine/css/construction.css]
[html.waituk.com/roxine/registration.html]
[html.waituk.com/roxine/css/vendor-overwrites/noneed.css]
[ajax.googleapis.com/ajax/libs/jquery/1.11.1/jquery.js]
[html.waituk.com/roxine/vendors/rev-slider/revolution/fonts/pe-icon-7-stroke/css/pe-icon-7-stroke.css]
[html.waituk.com/roxine/vendors/rev-slider/revolution/fonts/font-awesome/css/font-awesome.css]
[html.waituk.com/roxine/vendors/rev-slider/assets/css/noneed.css]
[html.waituk.com/roxine/vendors/rev-slider/assets/images/snowscene1.jpg]
[html.waituk.com/roxine/vendors/rev-slider/assets/images/snowscene2.jpg]
[html.waituk.com/roxine/vendors/rev-slider/assets/images/snowscene4.jpg]
[html.waituk.com/roxine/vendors/rev-slider/examples/- Original Previews -/HappyHolidays.html]
[html.waituk.com/roxine/vendors/rev-slider/assets/warning.js]
[html.waituk.com/roxine/vendors/rev-slider/assets/images/transparent.png]
[html.waituk.com/roxine/vendors/rev-slider/assets/images/Busy-People.jpg]
[html.waituk.com/roxine/vendors/rev-slider/assets/images/object_coffee_2.png]
[html.waituk.com/roxine/vendors/rev-slider/assets/images/object_folder_1.png]
[html.waituk.com/roxine/vendors/rev-slider/assets/images/object_pen_1.png]
[html.waituk.com/roxine/vendors/rev-slider/assets/images/videobgimage.jpg]
[html.waituk.com/roxine/vendors/rev-slider/assets/images/highlights_bg2.jpg]
[html.waituk.com/roxine/vendors/rev-slider/assets/images/carousel3.jpg]
[html.waituk.com/roxine/vendors/rev-slider/assets/images/carousel4.jpg]
[html.waituk.com/roxine/vendors/rev-slider/assets/images/carousel2.jpg]
[html.waituk.com/roxine/vendors/rev-slider/assets/images/carousel5.jpg]
[html.waituk.com/roxine/vendors/rev-slider/assets/images/carousel7.jpg]
[html.waituk.com/roxine/vendors/rev-slider/assets/images/keyboard_apple.png]
[html.waituk.com/roxine/vendors/rev-slider/assets/images/object_macmouse_1.png]
[html.waituk.com/roxine/vendors/rev-slider/examples/- Original Previews -/NiceAndClean.html]
[html.waituk.com/roxine/vendors/rev-slider/assets/images/house.jpg]
[html.waituk.com/roxine/vendors/rev-slider/assets/images/grainoverlay.gif]
[html.waituk.com/roxine/vendors/rev-slider/examples/- Original Previews -/80sStyleIntro.html]
[html.waituk.com/roxine/vendors/rev-slider/assets/images/blurbg13.jpg]
[html.waituk.com/roxine/vendors/rev-slider/assets/images/arrow2x.png]
[html.waituk.com/roxine/vendors/rev-slider/assets/images/blurbg14.jpg]
[html.waituk.com/roxine/vendors/rev-slider/assets/images/blurbg10.jpg]
[html.waituk.com/roxine/vendors/rev-slider/examples/- Original Previews -/BlurEffectSlider.html]
[html.waituk.com/roxine/vendors/rev-slider/revolution-addons/typewriter/js/revolution.addon.typewriter.min.js]
[html.waituk.com/roxine/vendors/rev-slider/revolution-addons/countdown/revolution.addon.countdown.min.js]
[html.waituk.com/roxine/vendors/rev-slider/assets/images/comingsoon2.jpg]
[html.waituk.com/roxine/vendors/rev-slider/examples/- Original Previews -/ComingSoon2.html]
[html.waituk.com/roxine/vendors/rev-slider/assets/images/menubg.jpg]
[html.waituk.com/roxine/vendors/rev-slider/assets/images/object_plant_1.png]
[html.waituk.com/roxine/vendors/rev-slider/assets/images/yellow_shape.png]
[html.waituk.com/roxine/vendors/rev-slider/assets/images/object_applewatch_3.png]
[html.waituk.com/roxine/vendors/rev-slider/assets/images/watch_screen.jpg]
[html.waituk.com/roxine/vendors/rev-slider/assets/images/btnbg.jpg]
[html.waituk.com/roxine/vendors/rev-slider/assets/images/forest_btn_bg.jpg]
[html.waituk.com/roxine/vendors/rev-slider/assets/images/dummy.png]
[html.waituk.com/roxine/vendors/rev-slider/assets/images/ihpone_gfx_full.png]
[html.waituk.com/roxine/vendors/rev-slider/assets/images/big_triangle.jpg]
[html.waituk.com/roxine/vendors/rev-slider/assets/images/table_bg1.jpg]
[html.waituk.com/roxine/vendors/rev-slider/assets/images/table_bg2-1.jpg]
[html.waituk.com/roxine/vendors/rev-slider/assets/images/table_bg3.jpg]
[html.waituk.com/roxine/vendors/rev-slider/assets/images/object_headphones_1.png]
[html.waituk.com/roxine/vendors/rev-slider/assets/images/color_angle-1.png]
[html.waituk.com/roxine/vendors/rev-slider/assets/images/footer_bg.jpg]
[html.waituk.com/roxine/vendors/rev-slider/assets/images/tp_logo.png]
[html.waituk.com/roxine/vendors/rev-slider/assets/images/rev_logo.png]
[html.waituk.com/roxine/vendors/rev-slider/examples/- Original Previews -/themeplicity.html]
[html.waituk.com/roxine/vendors/rev-slider/assets/images/To-The-Left.jpg]
[html.waituk.com/roxine/vendors/rev-slider/examples/- Original Previews -/blend_mode.html]
[html.waituk.com/roxine/vendors/rev-slider/assets/images/Dancing-Bulbs.jpg]
[html.waituk.com/roxine/vendors/rev-slider/assets/images/citybg.jpg]
[html.waituk.com/roxine/vendors/rev-slider/assets/images/farmbg.jpg]
[html.waituk.com/roxine/vendors/rev-slider/examples/- Original Previews -/webagency.html]
[html.waituk.com/roxine/vendors/rev-slider/assets/images/R_logo.png]
[html.waituk.com/roxine/vendors/rev-slider/assets/images/R_dotted.png]
[html.waituk.com/roxine/vendors/rev-slider/assets/images/R_arrow.png]
[html.waituk.com/roxine/vendors/rev-slider/assets/images/R_plus.png]
[html.waituk.com/roxine/vendors/rev-slider/assets/images/R_phone.png]
[html.waituk.com/roxine/vendors/rev-slider/assets/images/R_phonepic.jpg]
[html.waituk.com/roxine/vendors/rev-slider/assets/images/R_watch-1.png]
[html.waituk.com/roxine/vendors/rev-slider/examples/- Original Previews -/minimal_website.html]
[html.waituk.com/roxine/vendors/rev-slider/examples/- Original Previews -/duotone.html]
[html.waituk.com/roxine/vendors/rev-slider/assets/images/ic_favorite_24px.svg]
[html.waituk.com/roxine/vendors/rev-slider/examples/- Original Previews -/exploration_header.html]
[html.waituk.com/roxine/vendors/rev-slider/assets/images/header_penpot.png]
[html.waituk.com/roxine/vendors/rev-slider/assets/images/header_flowerpot.png]
[html.waituk.com/roxine/vendors/rev-slider/assets/images/header_papers.png]
[html.waituk.com/roxine/vendors/rev-slider/assets/images/header_marker.png]
[html.waituk.com/roxine/vendors/rev-slider/assets/images/header_edding.png]
[html.waituk.com/roxine/vendors/rev-slider/assets/images/header_paperclip.png]
[html.waituk.com/roxine/vendors/rev-slider/assets/images/header_tablet.png]
[html.waituk.com/roxine/vendors/rev-slider/assets/images/header_pen.png]
[html.waituk.com/roxine/vendors/rev-slider/examples/- Original Previews -/inspiration_header.html]
[html.waituk.com/roxine/vendors/rev-slider/examples/- Original Previews -/magazine_posts.html]
[html.waituk.com/roxine/vendors/rev-slider/examples/- Original Previews -/focus-parallax.html]
[html.waituk.com/roxine/vendors/rev-slider/revolution/fonts/font-awesome/css/font-awesome.min.css]
[html.waituk.com/roxine/vendors/rev-slider/assets/images/rvsldrlogo.png]
[html.waituk.com/roxine/vendors/rev-slider/assets/images/Relaxation.jpg]
[html.waituk.com/roxine/vendors/rev-slider/assets/images/badge1.png]
[html.waituk.com/roxine/vendors/rev-slider/assets/images/badge2.png]
[html.waituk.com/roxine/vendors/rev-slider/assets/images/badge3.png]
[html.waituk.com/roxine/vendors/rev-slider/assets/images/slidebg1.jpg]
[html.waituk.com/roxine/vendors/rev-slider/assets/images/phone1.png]
[html.waituk.com/roxine/vendors/rev-slider/assets/images/coffee1.png]
[html.waituk.com/roxine/vendors/rev-slider/assets/images/pencil1.png]
[html.waituk.com/roxine/vendors/rev-slider/assets/images/eraser1.png]
[html.waituk.com/roxine/vendors/rev-slider/assets/images/slidebg6.jpg]
[html.waituk.com/roxine/vendors/rev-slider/assets/images/glasses.png]
[html.waituk.com/roxine/vendors/rev-slider/assets/images/mouse.png]
[html.waituk.com/roxine/vendors/rev-slider/assets/images/calltoaction_bg.jpg]
[connect.facebook.net/en_US/sdk.js]
[apis.google.com/js/platform.js]
[assets.pinterest.com/js/pinit.js]
[assets.pinterest.com/images/pidgets/pinit_fg_en_rect_red_20.png]
[html.waituk.com/roxine/vendors/rev-slider/examples/- Original Previews -/website-builder.html]
[html.waituk.com/roxine/vendors/rev-slider/assets/images/thesea.jpg]
[html.waituk.com/roxine/vendors/rev-slider/assets/images/iphone_big-1.png]
[html.waituk.com/roxine/vendors/rev-slider/assets/images/girly.jpg]
[html.waituk.com/roxine/vendors/rev-slider/assets/images/ipad_big-1.png]
[html.waituk.com/roxine/vendors/rev-slider/assets/images/bearded_bro.jpg]
[html.waituk.com/roxine/vendors/rev-slider/assets/images/watch_big-2.png]
[html.waituk.com/roxine/vendors/rev-slider/assets/images/girl_beach.jpg]
[html.waituk.com/roxine/vendors/rev-slider/assets/images/coffeecup.jpg]
[html.waituk.com/roxine/vendors/rev-slider/assets/images/testimonial4-1.jpg]
[html.waituk.com/roxine/vendors/rev-slider/assets/images/photographer.jpg]
[html.waituk.com/roxine/vendors/rev-slider/assets/images/person_2.jpg]
[html.waituk.com/roxine/vendors/rev-slider/assets/images/person_1.jpg]
[html.waituk.com/roxine/vendors/rev-slider/assets/images/ic_autorenew_24px.svg]
[html.waituk.com/roxine/vendors/rev-slider/assets/images/slide5.jpg]
[html.waituk.com/roxine/vendors/rev-slider/assets/images/slide4.jpg]
[html.waituk.com/roxine/vendors/rev-slider/assets/images/slide6.jpg]
[html.waituk.com/roxine/vendors/rev-slider/assets/images/slide3.jpg]
[html.waituk.com/roxine/vendors/rev-slider/assets/images/slide7.jpg]
[html.waituk.com/roxine/vendors/rev-slider/assets/images/slide2.jpg]
[html.waituk.com/roxine/vendors/rev-slider/assets/images/slide8.jpg]
[html.waituk.com/roxine/vendors/rev-slider/assets/images/slide1.jpg]
[html.waituk.com/roxine/vendors/rev-slider/assets/images/slide9.jpg]
[html.waituk.com/roxine/vendors/rev-slider/examples/- Original Previews -/dark-fullsite.html]
[ajax.googleapis.com/ajax/libs/jquery/1.12.4/jquery.js]
[html.waituk.com/roxine/vendors/rev-slider/examples/- Original Previews -/light-fullsite.html]
[html.waituk.com/roxine/vendors/rev-slider/assets/images/tp_vid_clouds-1.jpg]
[html.waituk.com/roxine/vendors/rev-slider/assets/images/iphone_black.png]
[html.waituk.com/roxine/vendors/rev-slider/assets/images/tp_dude.jpg]
[html.waituk.com/roxine/vendors/rev-slider/assets/images/tp_vid_streets.jpg]
[html.waituk.com/roxine/vendors/rev-slider/assets/images/tp_vid_fish.jpg]
[html.waituk.com/roxine/vendors/rev-slider/assets/images/tp_bird.jpg]
[html.waituk.com/roxine/vendors/rev-slider/examples/- Original Previews -/innovation.html]
[html.waituk.com/roxine/vendors/rev-slider/examples/- Original Previews -/tech-journal.html]
[html.waituk.com/roxine/vendors/rev-slider/examples/- Original Previews -/cardealer.html]
[html.waituk.com/roxine/vendors/rev-slider/examples/- Original Previews -/creative-frontpage.html]
[html.waituk.com/roxine/vendors/rev-slider/examples/- Original Previews -/fulscreen-menu.html]
[html.waituk.com/roxine/vendors/rev-slider/examples/- Original Previews -/agency-website.html]
[html.waituk.com/roxine/vendors/rev-slider/assets/images/app_bg.jpg]
[html.waituk.com/roxine/vendors/rev-slider/assets/images/flat_ipad2.png]
[html.waituk.com/roxine/vendors/rev-slider/assets/images/ipad_img1-1.jpg]
[html.waituk.com/roxine/vendors/rev-slider/assets/images/ipad_glare-2.png]
[html.waituk.com/roxine/vendors/rev-slider/assets/images/flat_iphone2.png]
[html.waituk.com/roxine/vendors/rev-slider/assets/images/iphone_img1-2.jpg]
[html.waituk.com/roxine/vendors/rev-slider/assets/images/iphone_glare.png]
[html.waituk.com/roxine/vendors/rev-slider/assets/images/corner.png]
[html.waituk.com/roxine/vendors/rev-slider/assets/images/detailview_ipad.jpg]
[html.waituk.com/roxine/vendors/rev-slider/assets/images/app_store.png]
[html.waituk.com/roxine/vendors/rev-slider/assets/images/google_play.png]
[html.waituk.com/roxine/vendors/rev-slider/assets/images/amazon_shop.png]
[html.waituk.com/roxine/vendors/rev-slider/examples/- Original Previews -/app-landing-page.html]
[html.waituk.com/roxine/vendors/rev-slider/assets/images/comingsoon.jpg]
[html.waituk.com/roxine/vendors/rev-slider/assets/images/burning_horse.jpg]
[html.waituk.com/roxine/vendors/rev-slider/assets/images/concept1.jpg]
[html.waituk.com/roxine/vendors/rev-slider/assets/images/welcome.png]
[html.waituk.com/roxine/vendors/rev-slider/assets/images/comingsoon.png]
[html.waituk.com/roxine/vendors/rev-slider/assets/images/arrow4.png]
[html.waituk.com/roxine/vendors/rev-slider/assets/images/whitehorse_logo.png]
[html.waituk.com/roxine/vendors/rev-slider/examples/- Original Previews -/coming-soon.html]
[html.waituk.com/roxine/vendors/rev-slider/assets/images/wooden_floor.jpg]
[html.waituk.com/roxine/vendors/rev-slider/assets/images/chair.png]
[html.waituk.com/roxine/vendors/rev-slider/assets/images/macbook.png]
[html.waituk.com/roxine/vendors/rev-slider/assets/images/macbook_screen_content.png]
[html.waituk.com/roxine/vendors/rev-slider/assets/images/coffee_cup.png]
[html.waituk.com/roxine/vendors/rev-slider/assets/images/paper.png]
[html.waituk.com/roxine/vendors/rev-slider/assets/images/pen.png]
[html.waituk.com/roxine/vendors/rev-slider/assets/images/lamp-1.png]
[html.waituk.com/roxine/vendors/rev-slider/assets/images/revslider_logo.png]
[html.waituk.com/roxine/vendors/rev-slider/examples/- Original Previews -/desk-scene.html]
[html.waituk.com/roxine/vendors/rev-slider/examples/- Original Previews -/sleek-landing-page.html]
[html.waituk.com/roxine/vendors/rev-slider/examples/- Original Previews -/clean-news-slider.html]
[html.waituk.com/roxine/vendors/rev-slider/examples/- Original Previews -/image-gallery.html]
[html.waituk.com/roxine/vendors/rev-slider/assets/images/Slash-1024x576-1024x576.jpg]
[html.waituk.com/roxine/vendors/rev-slider/assets/images/rockband.png]
[html.waituk.com/roxine/vendors/rev-slider/examples/- Original Previews -/rock-band-music.html]
[html.waituk.com/roxine/vendors/rev-slider/revolution-addons/whiteboard/js/revolution.addon.whiteboard.min.js]
[html.waituk.com/roxine/vendors/rev-slider/assets/images/underline.png]
[html.waituk.com/roxine/vendors/rev-slider/assets/images/jim_smile.png]
[html.waituk.com/roxine/vendors/rev-slider/assets/images/whiteboard_logo.png]
[html.waituk.com/roxine/vendors/rev-slider/examples/- Original Previews -/interactive-whiteboard.html]
[html.waituk.com/roxine/vendors/rev-slider/assets/images/red_deer.jpg]
[html.waituk.com/roxine/vendors/rev-slider/assets/images/deer.png]
[html.waituk.com/roxine/vendors/rev-slider/assets/images/bow_tie.png]
[html.waituk.com/roxine/vendors/rev-slider/assets/images/ornament_left.png]
[html.waituk.com/roxine/vendors/rev-slider/assets/images/ornament_right.png]
[html.waituk.com/roxine/vendors/rev-slider/assets/images/banner.png]
[html.waituk.com/roxine/vendors/rev-slider/assets/images/ornament_wide.png]
[html.waituk.com/roxine/vendors/rev-slider/assets/images/ornament_big.png]
[html.waituk.com/roxine/vendors/rev-slider/assets/images/ornament_twig1.png]
[html.waituk.com/roxine/vendors/rev-slider/assets/images/ornament_twig2.png]
[html.waituk.com/roxine/vendors/rev-slider/assets/images/ornament_top_left.png]
[html.waituk.com/roxine/vendors/rev-slider/assets/images/ornament_top_right.png]
[html.waituk.com/roxine/vendors/rev-slider/assets/images/ornament_bottom_left.png]
[html.waituk.com/roxine/vendors/rev-slider/assets/images/ornament_bottom_right.png]
[html.waituk.com/roxine/vendors/rev-slider/assets/images/light_deer.jpg]
[html.waituk.com/roxine/vendors/rev-slider/assets/images/tree_dark.png]
[html.waituk.com/roxine/vendors/rev-slider/assets/images/bow_tie_dark.png]
[html.waituk.com/roxine/vendors/rev-slider/assets/images/ornament_left_dark.png]
[html.waituk.com/roxine/vendors/rev-slider/assets/images/ornament_right_dark.png]
[html.waituk.com/roxine/vendors/rev-slider/assets/images/banner_dark.png]
[html.waituk.com/roxine/vendors/rev-slider/assets/images/ornament_wide_dark.png]
[html.waituk.com/roxine/vendors/rev-slider/examples/- Original Previews -/christmas-snow.html]
[img.youtube.com/vi/nHXVc_cQqyI/maxresdefault.jpg]
[html.waituk.com/roxine/vendors/rev-slider/examples/- Original Previews -/premium-4kvideos.html]
[html.waituk.com/roxine/vendors/rev-slider/assets/images/team_7.jpg]
[html.waituk.com/roxine/vendors/rev-slider/assets/images/team_4.jpg]
[html.waituk.com/roxine/vendors/rev-slider/assets/images/team_9.jpg]
[html.waituk.com/roxine/vendors/rev-slider/assets/images/team_5.jpg]
[html.waituk.com/roxine/vendors/rev-slider/assets/images/team_6.jpg]
[html.waituk.com/roxine/vendors/rev-slider/assets/images/team_3.jpg]
[html.waituk.com/roxine/vendors/rev-slider/assets/images/team_2.jpg]
[html.waituk.com/roxine/vendors/rev-slider/assets/images/team_thumb7.jpg]
[html.waituk.com/roxine/vendors/rev-slider/assets/images/team_thumb4.jpg]
[html.waituk.com/roxine/vendors/rev-slider/assets/images/team_thumb9.jpg]
[html.waituk.com/roxine/vendors/rev-slider/assets/images/team_thumb5.jpg]
[html.waituk.com/roxine/vendors/rev-slider/assets/images/team_thumb6.jpg]
[html.waituk.com/roxine/vendors/rev-slider/assets/images/team_thumb3.jpg]
[html.waituk.com/roxine/vendors/rev-slider/assets/images/team_thumb2.jpg]
[html.waituk.com/roxine/vendors/rev-slider/examples/- Original Previews -/premium-team-slider.html]
[html.waituk.com/roxine/vendors/rev-slider/examples/- Original Previews -/premium-team-carousel.html]
[html.waituk.com/roxine/vendors/rev-slider/assets/images/drinkwinecover.jpg]
[html.waituk.com/roxine/vendors/rev-slider/assets/images/themenu.jpg]
[html.waituk.com/roxine/vendors/rev-slider/assets/images/atable.jpg]
[html.waituk.com/roxine/vendors/rev-slider/examples/- Original Previews -/premium-restaurant.html]
[html.waituk.com/roxine/vendors/rev-slider/assets/images/concept.jpg]
[html.waituk.com/roxine/vendors/rev-slider/examples/- Original Previews -/premium-agency.html]
[html.waituk.com/roxine/vendors/rev-slider/assets/images/concept4.jpg]
[html.waituk.com/roxine/vendors/rev-slider/assets/images/traincover.jpg]
[html.waituk.com/roxine/vendors/rev-slider/assets/images/concept_bg2.jpg]
[html.waituk.com/roxine/vendors/rev-slider/examples/- Original Previews -/premium-concept.html]
[html.waituk.com/roxine/vendors/rev-slider/assets/images/Sail-Away.jpg]
[html.waituk.com/roxine/vendors/rev-slider/assets/images/creative_bg1.jpg]
[html.waituk.com/roxine/vendors/rev-slider/assets/images/icebg.jpg]
[html.waituk.com/roxine/vendors/rev-slider/examples/- Original Previews -/premium-creative-freedom.html]
[html.waituk.com/roxine/vendors/rev-slider/assets/images/full_1.jpg]
[html.waituk.com/roxine/vendors/rev-slider/assets/images/full_4.jpg]
[html.waituk.com/roxine/vendors/rev-slider/assets/images/blurflake4.png]
[html.waituk.com/roxine/vendors/rev-slider/assets/images/blurflake3.png]
[html.waituk.com/roxine/vendors/rev-slider/assets/images/blurflake2.png]
[html.waituk.com/roxine/vendors/rev-slider/assets/images/blurflake1.png]
[html.waituk.com/roxine/vendors/rev-slider/assets/images/full_3.jpg]
[html.waituk.com/roxine/vendors/rev-slider/assets/images/girls.jpg]
[html.waituk.com/roxine/vendors/rev-slider/assets/images/full_5.jpg]
[html.waituk.com/roxine/vendors/rev-slider/examples/- Original Previews -/premium-fullscreen-button.html]
[html.waituk.com/roxine/vendors/rev-slider/assets/images/level41.jpg]
[html.waituk.com/roxine/vendors/rev-slider/assets/images/level32.png]
[html.waituk.com/roxine/vendors/rev-slider/assets/images/level2.png]
[html.waituk.com/roxine/vendors/rev-slider/assets/images/level1.png]
[html.waituk.com/roxine/vendors/rev-slider/examples/- Original Previews -/premium-parallax-scene.html]
[html.waituk.com/roxine/vendors/rev-slider/examples/- Original Previews -/premium-sliding-overlays.html]
[html.waituk.com/roxine/vendors/rev-slider/assets/images/macbookpro.png]
[html.waituk.com/roxine/vendors/rev-slider/assets/images/cloud1.png]
[html.waituk.com/roxine/vendors/rev-slider/assets/images/ipad.png]
[html.waituk.com/roxine/vendors/rev-slider/assets/images/ipad_content_new2.jpg]
[html.waituk.com/roxine/vendors/rev-slider/assets/images/cloud2.png]
[html.waituk.com/roxine/vendors/rev-slider/assets/images/ihpone.png]
[html.waituk.com/roxine/vendors/rev-slider/assets/images/iphone_content_new1.jpg]
[html.waituk.com/roxine/vendors/rev-slider/assets/images/cloud3.png]
[html.waituk.com/roxine/vendors/rev-slider/examples/- Original Previews -/premium-webproduct-hero.html]
[html.waituk.com/roxine/vendors/rev-slider/examples/- Original Previews -/premium-ecommerce.html]
[html.waituk.com/roxine/vendors/rev-slider/assets/images/datcolor.jpg]
[html.waituk.com/roxine/vendors/rev-slider/assets/images/touchit.jpg]
[html.waituk.com/roxine/vendors/rev-slider/assets/images/bike.jpg]
[html.waituk.com/roxine/vendors/rev-slider/assets/images/fitness.jpg]
[html.waituk.com/roxine/vendors/rev-slider/assets/images/lambo.jpg]
[html.waituk.com/roxine/vendors/rev-slider/examples/- Original Previews -/carousel-classic.html]
[html.waituk.com/roxine/vendors/rev-slider/assets/images/newspaper_bg1.jpg]
[html.waituk.com/roxine/vendors/rev-slider/assets/images/bluebar.png]
[html.waituk.com/roxine/vendors/rev-slider/assets/images/newspaper_bg3.jpg]
[html.waituk.com/roxine/vendors/rev-slider/assets/images/newspaper_bg2.jpg]
[html.waituk.com/roxine/vendors/rev-slider/assets/images/newscarousel4.jpg]
[html.waituk.com/roxine/vendors/rev-slider/examples/- Original Previews -/carousel-highlight.html]
[www.sliderrevolution.com/templates/wp-content/uploads/revslider/express-web-product-dark/webproduct_darkbg3.330.delayed]
[html.waituk.com/roxine/vendors/rev-slider/examples/- Original Previews -/carousel-gallery.html]
[html.waituk.com/roxine/vendors/rev-slider/assets/images/iceberg.jpg]
[html.waituk.com/roxine/vendors/rev-slider/assets/images/amigos.jpg]
[html.waituk.com/roxine/vendors/rev-slider/assets/images/youtube1_cover.jpg]
[html.waituk.com/roxine/vendors/rev-slider/assets/images/calbuco.jpg]
[html.waituk.com/roxine/vendors/rev-slider/assets/images/space_cover.jpg]
[html.waituk.com/roxine/vendors/rev-slider/assets/images/media1.jpg]
[html.waituk.com/roxine/vendors/rev-slider/examples/- Original Previews -/carousel-media.html]
[html.waituk.com/roxine/vendors/rev-slider/assets/images/photography1.jpg]
[html.waituk.com/roxine/vendors/rev-slider/assets/images/photography2.jpg]
[html.waituk.com/roxine/vendors/rev-slider/assets/images/photography_thumb1.jpg]
[html.waituk.com/roxine/vendors/rev-slider/assets/images/photography_thumb5.jpg]
[html.waituk.com/roxine/vendors/rev-slider/assets/images/photography_thumb3.jpg]
[html.waituk.com/roxine/vendors/rev-slider/assets/images/photography_thumb2.jpg]
[html.waituk.com/roxine/vendors/rev-slider/assets/images/photography_thumb4.jpg]
[html.waituk.com/roxine/vendors/rev-slider/assets/images/photography_thumb6.jpg]
[html.waituk.com/roxine/vendors/rev-slider/assets/images/photography3.jpg]
[html.waituk.com/roxine/vendors/rev-slider/assets/images/photography4.jpg]
[html.waituk.com/roxine/vendors/rev-slider/assets/images/photography5.jpg]
[html.waituk.com/roxine/vendors/rev-slider/assets/images/photography6.jpg]
[html.waituk.com/roxine/vendors/rev-slider/assets/images/photography7.jpg]
[html.waituk.com/roxine/vendors/rev-slider/assets/images/photography8.jpg]
[html.waituk.com/roxine/vendors/rev-slider/assets/images/photography9.jpg]
[html.waituk.com/roxine/vendors/rev-slider/assets/images/photography_contact.jpg]
[html.waituk.com/roxine/vendors/rev-slider/assets/images/cameraicon.png]
[html.waituk.com/roxine/vendors/rev-slider/examples/- Original Previews -/carousel-photography.html]
[html.waituk.com/roxine/vendors/rev-slider/assets/images/phone2.png]
[html.waituk.com/roxine/vendors/rev-slider/assets/images/phone3.png]
[html.waituk.com/roxine/vendors/rev-slider/assets/images/phone4.png]
[html.waituk.com/roxine/vendors/rev-slider/assets/images/phone5.png]
[html.waituk.com/roxine/vendors/rev-slider/assets/images/phone6.png]
[html.waituk.com/roxine/vendors/rev-slider/assets/images/phone7.png]
[html.waituk.com/roxine/vendors/rev-slider/assets/images/phone8.png]
[html.waituk.com/roxine/vendors/rev-slider/assets/images/phone9.png]
[html.waituk.com/roxine/vendors/rev-slider/examples/- Original Previews -/carousel-showcase.html]
[html.waituk.com/roxine/vendors/rev-slider/assets/images/notgenericherobg.jpg]
[html.waituk.com/roxine/vendors/rev-slider/examples/- Original Previews -/hero-image.html]
[html.waituk.com/roxine/vendors/rev-slider/examples/- Original Previews -/news-video.html]
[html.waituk.com/roxine/vendors/rev-slider/assets/images/pierbg.jpg]
[html.waituk.com/roxine/vendors/rev-slider/examples/- Original Previews -/hero-newsletter.html]
[html.waituk.com/roxine/vendors/rev-slider/assets/images/landscape.jpg]
[html.waituk.com/roxine/vendors/rev-slider/examples/- Original Previews -/hero-search-form.html]
[html.waituk.com/roxine/vendors/rev-slider/assets/images/sports2.jpg]
[html.waituk.com/roxine/vendors/rev-slider/assets/images/sports_sublinebg.png]
[html.waituk.com/roxine/vendors/rev-slider/examples/- Original Previews -/hero-sports.html]
[html.waituk.com/roxine/vendors/rev-slider/assets/images/vimeobg.jpg]
[html.waituk.com/roxine/vendors/rev-slider/examples/- Original Previews -/hero-vimeo.html]
[html.waituk.com/roxine/vendors/rev-slider/assets/images/webproduct_darkbg1.jpg]
[html.waituk.com/roxine/vendors/rev-slider/assets/images/express_macbook_content1.jpg]
[html.waituk.com/roxine/vendors/rev-slider/assets/images/ipad_dark.png]
[html.waituk.com/roxine/vendors/rev-slider/assets/images/express_ipad_content1.jpg]
[html.waituk.com/roxine/vendors/rev-slider/assets/images/ihpone_dark.png]
[html.waituk.com/roxine/vendors/rev-slider/assets/images/express_iphone_content1.jpg]
[html.waituk.com/roxine/vendors/rev-slider/examples/- Original Previews -/hero-web-product-dark.html]
[html.waituk.com/roxine/vendors/rev-slider/assets/images/express_bglight.jpg]
[html.waituk.com/roxine/vendors/rev-slider/examples/- Original Previews -/hero-web-product-light.html]
[html.waituk.com/roxine/vendors/rev-slider/assets/images/youtubebg.jpg]
[html.waituk.com/roxine/vendors/rev-slider/examples/- Original Previews -/hero-youtube.html]
[html.waituk.com/roxine/vendors/rev-slider/assets/images/office_cover.jpg]
[html.waituk.com/roxine/vendors/rev-slider/examples/- Original Previews -/premium-rotating-words.html]
[html.waituk.com/roxine/vendors/rev-slider/assets/images/workspace.jpg]
[html.waituk.com/roxine/vendors/rev-slider/assets/images/workspace_large.jpg]
[html.waituk.com/roxine/vendors/rev-slider/assets/images/newsmag.jpg]
[html.waituk.com/roxine/vendors/rev-slider/assets/images/newsmag_large.jpg]
[html.waituk.com/roxine/vendors/rev-slider/assets/images/video.jpg]
[html.waituk.com/roxine/vendors/rev-slider/examples/- Original Previews -/premium-content-zoom.html]
[html.waituk.com/roxine/vendors/rev-slider/assets/images/bigbold_3.jpg]
[html.waituk.com/roxine/vendors/rev-slider/assets/images/typing_cover.jpg]
[html.waituk.com/roxine/vendors/rev-slider/assets/images/bigbold_1.jpg]
[html.waituk.com/roxine/vendors/rev-slider/examples/- Original Previews -/premium-scroll-effects.html]
[html.waituk.com/roxine/vendors/rev-slider/assets/images/food1.jpg]
[html.waituk.com/roxine/vendors/rev-slider/assets/images/food6.jpg]
[html.waituk.com/roxine/vendors/rev-slider/assets/images/food3.jpg]
[html.waituk.com/roxine/vendors/rev-slider/assets/images/food2.jpg]
[html.waituk.com/roxine/vendors/rev-slider/assets/images/food5.jpg]
[html.waituk.com/roxine/vendors/rev-slider/assets/images/food4.jpg]
[html.waituk.com/roxine/vendors/rev-slider/assets/images/muesli.jpg]
[html.waituk.com/roxine/vendors/rev-slider/examples/- Original Previews -/premium-food-carousel.html]
[html.waituk.com/roxine/vendors/rev-slider/examples/- Original Previews -/slider-classic.html]
[html.waituk.com/roxine/vendors/rev-slider/examples/- Original Previews -/slider-classic-full.html]
[html.waituk.com/roxine/vendors/rev-slider/examples/- Original Previews -/gallery-light.html]
[html.waituk.com/roxine/vendors/rev-slider/assets/images/newscarousel6.jpg]
[html.waituk.com/roxine/vendors/rev-slider/examples/- Original Previews -/content-tabs.html]
[html.waituk.com/roxine/vendors/rev-slider/assets/images/fashion_bg1.jpg]
[html.waituk.com/roxine/vendors/rev-slider/assets/images/ellipse.png]
[html.waituk.com/roxine/vendors/rev-slider/assets/images/fashion_bg2_big.jpg]
[html.waituk.com/roxine/vendors/rev-slider/assets/images/fashion_bg3.jpg]
[html.waituk.com/roxine/vendors/rev-slider/assets/images/fashion_white.png]
[html.waituk.com/roxine/vendors/rev-slider/assets/images/fashion_bg4.jpg]
[html.waituk.com/roxine/vendors/rev-slider/assets/images/ezlogo.png]
[html.waituk.com/roxine/vendors/rev-slider/examples/- Original Previews -/slider-fashion.html]
[html.waituk.com/roxine/vendors/rev-slider/examples/- Original Previews -/gallery-dark.html]
[html.waituk.com/roxine/vendors/rev-slider/assets/images/notgeneric_bg1.jpg]
[html.waituk.com/roxine/vendors/rev-slider/assets/images/notgeneric_bg5.jpg]
[html.waituk.com/roxine/vendors/rev-slider/assets/images/notgeneric_bg2.jpg]
[html.waituk.com/roxine/vendors/rev-slider/assets/images/notgeneric_bg3.jpg]
[html.waituk.com/roxine/vendors/rev-slider/assets/images/generic-icon.png]
[html.waituk.com/roxine/vendors/rev-slider/examples/- Original Previews -/slider-notgeneric.html]
[html.waituk.com/roxine/vendors/rev-slider/assets/images/gym1.jpg]
[html.waituk.com/roxine/vendors/rev-slider/assets/images/gym2.jpg]
[html.waituk.com/roxine/vendors/rev-slider/assets/images/greenstripe.png]
[html.waituk.com/roxine/vendors/rev-slider/assets/images/gymlogo.png]
[html.waituk.com/roxine/vendors/rev-slider/examples/- Original Previews -/slider-gym.html]
[html.waituk.com/roxine/vendors/rev-slider/examples/- Original Previews -/slider-highlight-showcase.html]
[html.waituk.com/roxine/vendors/rev-slider/examples/- Original Previews -/slider-levano-restaurant-bar.html]
[html.waituk.com/roxine/vendors/rev-slider/examples/- Original Previews -/slider-media.html]
[html.waituk.com/roxine/vendors/rev-slider/assets/images/newscarousel1.jpg]
[html.waituk.com/roxine/vendors/rev-slider/assets/images/newscarousel2.jpg]
[html.waituk.com/roxine/vendors/rev-slider/assets/images/newscarousel5.jpg]
[html.waituk.com/roxine/vendors/rev-slider/examples/- Original Previews -/gallery-news.html]
[html.waituk.com/roxine/vendors/rev-slider/examples/- Original Previews -/slider-photography.html]
[i.vimeocdn.com/video/532468261_640.jpg]
[i.vimeocdn.com/video/530679653_640.jpg]
[i.vimeocdn.com/video/530344230_640.jpg]
[i.vimeocdn.com/video/527282047_640.jpg]
[i.vimeocdn.com/video/528419332_640.jpg]
[i.vimeocdn.com/video/527610339_640.jpg]
[i.vimeocdn.com/video/525738035_640.jpg]
[i.vimeocdn.com/video/522861142_640.jpg]
[i.vimeocdn.com/video/522700263_640.jpg]
[i.vimeocdn.com/video/523617616_640.jpg]
[i.vimeocdn.com/video/522152582_640.jpg]
[i.vimeocdn.com/video/521268221_640.jpg]
[i.vimeocdn.com/video/520959748_640.jpg]
[i.vimeocdn.com/video/519160061_640.jpg]
[i.vimeocdn.com/video/520133670_640.jpg]
[i.vimeocdn.com/video/518645729_640.jpg]
[i.vimeocdn.com/video/515579680_640.jpg]
[i.vimeocdn.com/video/514619320_640.jpg]
[i.vimeocdn.com/video/516372344_640.jpg]
[i.vimeocdn.com/video/515589102_640.jpg]
[html.waituk.com/roxine/vendors/rev-slider/examples/- Original Previews -/gallery-vimeo.html]
[i.ytimg.com/vi/yRUAzGQ3nSY/default.jpg]
[i.ytimg.com/vi/fE2UEpNgV3M/default.jpg]
[i.ytimg.com/vi/1HFv47QHWJU/default.jpg]
[i.ytimg.com/vi/Whwyu09a8KE/default.jpg]
[i.ytimg.com/vi/KHD0NzvtJaY/default.jpg]
[i.ytimg.com/vi/7yKL4XdvoFs/default.jpg]
[i.ytimg.com/vi/6x4lp2X214Y/default.jpg]
[i.ytimg.com/vi/LWtqKMeBfcc/default.jpg]
[i.ytimg.com/vi/xAFiosh_hsw/default.jpg]
[i.ytimg.com/vi/1t0A_tZGrYw/default.jpg]
[i.ytimg.com/vi/E41kD9lLtX4/default.jpg]
[i.ytimg.com/vi/-kArxASiw3Y/default.jpg]
[i.ytimg.com/vi/TkmerqUzExE/default.jpg]
[i.ytimg.com/vi/Qhu1GXSehXo/default.jpg]
[i.ytimg.com/vi/M5pfng5S8tQ/default.jpg]
[i.ytimg.com/vi/9DTsdSdSne4/default.jpg]
[i.ytimg.com/vi/U24c3P0PpT4/default.jpg]
[i.ytimg.com/vi/1DtMdRhtlfk/default.jpg]
[i.ytimg.com/vi/V9OWEEuviHE/default.jpg]
[i.ytimg.com/vi/k1oXx4delIY/default.jpg]
[html.waituk.com/roxine/vendors/rev-slider/examples/- Original Previews -/gallery-youtube.html]
[html.waituk.com/roxine/vendors/rev-slider/assets/images/webproduct_darkbg2.jpg]
[html.waituk.com/roxine/vendors/rev-slider/assets/images/examplelayer3.jpg]
[html.waituk.com/roxine/vendors/rev-slider/assets/images/examplelayer2.jpg]
[html.waituk.com/roxine/vendors/rev-slider/assets/images/examplelayer1.jpg]
[html.waituk.com/roxine/vendors/rev-slider/assets/images/webproduct_darkbg3.jpg]
[html.waituk.com/roxine/vendors/rev-slider/assets/images/editor_layers1.jpg]
[html.waituk.com/roxine/vendors/rev-slider/assets/images/officeloop_cover.jpg]
[html.waituk.com/roxine/vendors/rev-slider/assets/images/expresswhitelogo.png]
[html.waituk.com/roxine/vendors/rev-slider/examples/- Original Previews -/web-product-dark.html]
[html.waituk.com/roxine/vendors/rev-slider/assets/images/desktopbg1.jpg]
[html.waituk.com/roxine/vendors/rev-slider/assets/images/mountainbg.jpg]
[html.waituk.com/roxine/vendors/rev-slider/assets/images/express_lightlogo1.png]
[html.waituk.com/roxine/vendors/rev-slider/examples/- Original Previews -/web-product-light.html]
[html.waituk.com/roxine/vendors/rev-slider/assets/images/travel1.jpg]
[html.waituk.com/roxine/vendors/rev-slider/assets/images/travel2.jpg]
[html.waituk.com/roxine/vendors/rev-slider/assets/images/travel3.jpg]
[html.waituk.com/roxine/vendors/rev-slider/assets/images/travel4.jpg]
[html.waituk.com/roxine/vendors/rev-slider/examples/- Original Previews -/premium-travel.html]
[html.waituk.com/roxine/services.html]
[html.waituk.com/roxine/blog.html]
[html.waituk.com/roxine/media-agency.html]
[html.waituk.com/roxine/architect.html]
[html.waituk.com/roxine/portfolio-left-sidebar-6-col.html]
[html.waituk.com/roxine/portfolio-right-sidebar-6-col.html]
[html.waituk.com/roxine/portfolio-both-sidebar-2-col.html]
[html.waituk.com/roxine/portfolio-both-sidebar-3-col.html]
[html.waituk.com/roxine/portfolio-both-sidebar-4-col.html]
[html.waituk.com/roxine/blog-default.html]
[html.waituk.com/roxine/css/fonts/roxine-font-icon/roxine-font.css]
[html.waituk.com/roxine/css/vendor-overwrites/roxine-font-icon.css]
[html.waituk.com/roxine/vendors/rev-slider/revolution/fonts/revicons/revicons90c6.svg]
[html.waituk.com/roxine/vendors/rev-slider/revolution/fonts/pe-icon-7-stroke/fonts/Pe-icon-7-strokebb1d.eot]
[html.waituk.com/roxine/vendors/rev-slider/revolution/fonts/pe-icon-7-stroke/fonts/Pe-icon-7-stroked41d.eot]
[html.waituk.com/roxine/vendors/rev-slider/revolution/fonts/pe-icon-7-stroke/fonts/Pe-icon-7-strokebb1d.woff]
[html.waituk.com/roxine/vendors/rev-slider/revolution/fonts/pe-icon-7-stroke/fonts/Pe-icon-7-strokebb1d.ttf]
[html.waituk.com/roxine/vendors/rev-slider/revolution/fonts/pe-icon-7-stroke/css/pe-icon-7-stroke.css]
[html.waituk.com/roxine/vendors/rev-slider/revolution/fonts/pe-icon-7-stroke/fonts/Pe-icon-7-strokebb1d.svg]
[html.waituk.com/roxine/vendors/rev-slider/revolution/fonts/font-awesome/fonts/fontawesome-webfont3e6e.eot]
[html.waituk.com/roxine/vendors/rev-slider/revolution/fonts/font-awesome/fonts/fontawesome-webfontd41d.eot]
[html.waituk.com/roxine/vendors/rev-slider/revolution/fonts/font-awesome/fonts/fontawesome-webfont3e6e.woff2]
[html.waituk.com/roxine/vendors/rev-slider/revolution/fonts/font-awesome/fonts/fontawesome-webfont3e6e.woff]
[html.waituk.com/roxine/vendors/rev-slider/revolution/fonts/font-awesome/fonts/fontawesome-webfont3e6e.ttf]
[html.waituk.com/roxine/vendors/rev-slider/revolution/fonts/font-awesome/css/font-awesome.css]
[html.waituk.com/roxine/vendors/rev-slider/revolution/fonts/font-awesome/fonts/fontawesome-webfont3e6e.svg]
[html.waituk.com/roxine/vendors/rev-slider/assets/images/logo.png]
[html.waituk.com/roxine/vendors/rev-slider/assets/css/jquery_preview_warning.jpg]
[html.waituk.com/roxine/vendors/rev-slider/assets/css/jquery_visual_editor_ad.jpg]
[html.waituk.com/roxine/vendors/rev-slider/assets/css/noneed.css]
[html.waituk.com/roxine/vendors/rev-slider/assets/images/ic_polymer_24px.svg]
[html.waituk.com/roxine/vendors/rev-slider/assets/images/ic_keyboard_arrow_down_24px.svg]
[html.waituk.com/roxine/vendors/rev-slider/assets/images/ic_play_arrow_24px.svg]
[html.waituk.com/roxine/vendors/rev-slider/assets/images/ic_close_36px.svg]
[html.waituk.com/roxine/vendors/rev-slider/assets/images/ic_layers_24px.svg]
[html.waituk.com/roxine/vendors/rev-slider/revolution-addons/typewriter/css/typewriter.css]
[html.waituk.com/roxine/vendors/rev-slider/assets/images/ic_dashboard_24px.svg]
[html.waituk.com/roxine/vendors/rev-slider/assets/images/ic_videocam_24px.svg]
[html.waituk.com/roxine/vendors/rev-slider/assets/images/ic_favorite_24px.svg]
[html.waituk.com/roxine/vendors/rev-slider/assets/images/ic_trending_up_24px.svg]
[html.waituk.com/roxine/vendors/rev-slider/assets/images/ic_expand_more_24px.svg]
[html.waituk.com/roxine/vendors/rev-slider/revolution/fonts/font-awesome/fonts/fontawesome-webfont5b62.woff2]
[html.waituk.com/roxine/vendors/rev-slider/revolution/fonts/font-awesome/fonts/fontawesome-webfont5b62.eot]
[html.waituk.com/roxine/vendors/rev-slider/revolution/fonts/font-awesome/fonts/fontawesome-webfont5b62.woff]
[html.waituk.com/roxine/vendors/rev-slider/revolution/fonts/font-awesome/fonts/fontawesome-webfont5b62.ttf]
[html.waituk.com/roxine/vendors/rev-slider/revolution/fonts/font-awesome/css/font-awesome.min.css]
[html.waituk.com/roxine/vendors/rev-slider/assets/images/ic_play_circle_filled_24px.svg]
[html.waituk.com/roxine/vendors/rev-slider/assets/images/ic_chevron_left_36px.svg]
[html.waituk.com/roxine/vendors/rev-slider/assets/images/ic_chevron_right_24px.svg]
[connect.facebook.net/en_US/sdk.js]
[html.waituk.com/roxine/vendors/rev-slider/assets/images/ic_autorenew_24px.svg]
[html.waituk.com/roxine/vendors/rev-slider/assets/images/ic_data_usage_24px.html]
[html.waituk.com/roxine/vendors/rev-slider/assets/images/ic_close_24px.svg]
[html.waituk.com/roxine/vendors/rev-slider/assets/images/ic_expand_more_36px.html]
[html.waituk.com/roxine/vendors/rev-slider/assets/images/character07.html]
[html.waituk.com/roxine/vendors/rev-slider/assets/images/head-idea.html]
[html.waituk.com/roxine/vendors/rev-slider/assets/images/head-check.html]
[html.waituk.com/roxine/vendors/rev-slider/assets/images/user05.html]
[html.waituk.com/roxine/vendors/rev-slider/assets/images/pencil.html]
[html.waituk.com/roxine/vendors/rev-slider/assets/images/gauge.html]
[html.waituk.com/roxine/vendors/rev-slider/assets/images/monitor.html]
[html.waituk.com/roxine/vendors/rev-slider/assets/images/file05.html]
[html.waituk.com/roxine/vendors/rev-slider/assets/images/arrow-right.html]
[html.waituk.com/roxine/vendors/rev-slider/assets/images/ic_done_24px.svg]
[html.waituk.com/roxine/vendors/rev-slider/assets/images/preson-megaphone.html]
[html.waituk.com/roxine/vendors/rev-slider/assets/images/chart02.html]
[html.waituk.com/roxine/vendors/rev-slider/assets/images/award5.html]
[img.youtube.com/vi/iNJdPyoqt8U/maxresdefault.jpg]
[img.youtube.com/vi/gU10ALRQ0ww/maxresdefault.jpg]
[www.sliderrevolution.com/templates/wp-content/uploads/revslider/express-web-product-dark/webproduct_darkbg3.html]
[html.waituk.com/roxine/vendors/rev-slider/examples/- Original Previews -/1&title=0&byline=0&portrait=0&api=1_.html]
[html.waituk.com/roxine/vendors/rev-slider/examples/- Original Previews -/{{link}}.html]
[html.waituk.com/roxine/vendors/rev-slider/revolution/fonts/pe-icon-7-stroke/fonts/Pe-icon-7-strokebb1d.svg]
[html.waituk.com/roxine/vendors/rev-slider/revolution/fonts/font-awesome/fonts/fontawesome-webfont3e6e.svg]
[html.waituk.com/roxine/vendors/rev-slider/revolution/fonts/font-awesome/fonts/fontawesome-webfont5b62.svg]
[html.waituk.com/roxine/vendors/rev-slider/revolution/fonts/font-awesome/fonts/fontawesome-webfont5b62.svg]
[server.local/revslider/wp-content/uploads/uploads/revslider/anothercarousel/webproduct_darkbg3.jpg]
